Microchip MPLAB XC8 Compiler V2.10 ()

Linker command line:

-W-3 --edf=C:\Program Files (x86)\Microchip\xc8\v2.10\pic\dat\en_msgs.txt \
  -cs -h+dist/default/production\LM-V4.X.production.sym \
  --cmf=dist/default/production\LM-V4.X.production.cmf -z -Q16F877A \
  -oC:\Users\MOHAME~1\AppData\Local\Temp\scp4.2 --defsym=__MPLAB_BUILD=1 \
  -Mdist/default/production/LM-V4.X.production.map -E1 -ver=XC8 \
  --acfsm=1493 -ASTACK=0158h-016Fh -pstack=STACK -ACODE=00h-07FFhx4 \
  -ASTRCODE=00h-01FFFh -ASTRING=00h-0FFhx32 -ACONST=00h-0FFhx32 \
  -AENTRY=00h-0FFhx32 -ACOMMON=070h-07Fh -ABANK0=020h-06Fh \
  -ABANK1=0A0h-0EFh -ABANK2=0110h-016Fh -ABANK3=0190h-01EFh \
  -ARAM=020h-06Fh,0A0h-0EFh,0110h-016Fh,0190h-01EFh \
  -AABS1=020h-07Fh,0A0h-0EFh,0110h-016Fh,0190h-01EFh -ASFR0=00h-01Fh \
  -ASFR1=080h-09Fh -ASFR2=0100h-010Fh -ASFR3=0180h-018Fh \
  -preset_vec=00h,intentry,init,end_init -ppowerup=CODE -pcinit=CODE \
  -pfunctab=ENTRY -ACONFIG=02007h-02007h -pconfig=CONFIG -DCONFIG=2 \
  -AIDLOC=02000h-02003h -pidloc=IDLOC -DIDLOC=2 -AEEDATA=00h-0FFh/02100h \
  -peeprom_data=EEDATA -DEEDATA=2 -DCODE=2 -DSTRCODE=2 -DSTRING=2 -DCONST=2 \
  -DENTRY=2 -k C:\Users\MOHAME~1\AppData\Local\Temp\scp4.o \
  dist/default/production\LM-V4.X.production.o 

Object code version is 3.11

Machine type is 16F877A



                Name                               Link     Load   Length Selector   Space Scale
C:\Users\MOHAME~1\AppData\Local\Temp\scp4.o
                end_init                              0        0        3        0       0
                config                             2007     2007        1     400E       0
dist/default/production\LM-V4.X.production.o
                cinit                               7D7      7D7       29      FAE       0
                text9                               AC2      AC2      1DD     1584       0
                text8                                16       16       A4       2C       0
                text7                               971      971       27     12E2       0
                text6                               C9F      C9F      361     193E       0
                text5                                BA       BA      298      174       0
                text4                               94D      94D       24     129A       0
                text3                               A08      A08       BA     1410       0
                text2                               930      930       1D     1260       0
                text1                               352      352      485      6A4       0
                maintext                            91E      91E       12     123C       0
                cstackBANK0                          20       20       50       20       1
                cstackCOMMON                         70       70        E       70       1
                cstackBANK1                          A0       A0       50       A0       1
                cstackBANK3                         1C0      1C0       2C      190       1
                inittext                              3        3       13        0       0
                dataBANK2                           110      110       40      110       1
                bssBANK2                            150      150        8      110       1
                dataBANK3                           190      190       30      190       1
                strings                             800      800       15     1000       0
                idataBANK3                          998      998       30     1330       0
                idataBANK2                          9C8      9C8       40     1390       0

TOTAL           Name                               Link     Load   Length     Space
        CLASS   STACK          

        CLASS   CODE           
                end_init                              0        0        3         0
                cinit                               7D7      7D7       29         0
                text9                               AC2      AC2      1DD         0
                text8                                16       16       A4         0
                text7                               971      971       27         0
                text6                               C9F      C9F      361         0
                text5                                BA       BA      298         0
                text4                               94D      94D       24         0
                text3                               A08      A08       BA         0
                text2                               930      930       1D         0
                text1                               352      352      485         0
                maintext                            91E      91E       12         0
                inittext                              3        3       13         0
                idataBANK3                          998      998       30         0
                idataBANK2                          9C8      9C8       40         0

        CLASS   STRCODE        

        CLASS   STRING         
                strings                             800      800       15         0

        CLASS   CONST          

        CLASS   ENTRY          

        CLASS   COMMON         
                cstackCOMMON                         70       70        E         1

        CLASS   BANK0          
                cstackBANK0                          20       20       50         1

        CLASS   BANK1          
                cstackBANK1                          A0       A0       50         1

        CLASS   BANK2          
                dataBANK2                           110      110       40         1
                bssBANK2                            150      150        8         1

        CLASS   BANK3          
                cstackBANK3                         1C0      1C0       2C         1
                dataBANK3                           190      190       30         1

        CLASS   RAM            

        CLASS   ABS1           
                abs_s1                               7E       7E        2         1

        CLASS   SFR0           

        CLASS   SFR1           

        CLASS   SFR2           

        CLASS   SFR3           

        CLASS   CONFIG         
                config                             2007     2007        1         0

        CLASS   IDLOC          

        CLASS   EEDATA         



SEGMENTS        Name                           Load    Length   Top    Selector   Space  Class     Delta

                reset_vec                      000000  000016  000016         0       0  CODE        2
                cstackBANK0                    000020  000050  000070        20       1  BANK0       1
                text8                          000016  0000A4  0000BA        2C       0  CODE        2
                cstackCOMMON                   000070  00000E  00007E        70       1  COMMON      1
                cstackBANK1                    0000A0  000050  0000F0        A0       1  BANK1       1
                dataBANK2                      000110  000048  000158       110       1  BANK2       1
                text5                          0000BA  000298  000352       174       0  CODE        2
                dataBANK3                      000190  00005C  0001EC       190       1  BANK3       1
                text1                          000352  000485  0007D7       6A4       0  CODE        2
                cinit                          0007D7  000029  000800       FAE       0  CODE        2
                strings                        000800  000015  000815      1000       0  STRING      2
                maintext                       00091E  000012  000930      123C       0  CODE        2
                text2                          000930  00001D  00094D      1260       0  CODE        2
                text4                          00094D  000024  000971      129A       0  CODE        2
                text7                          000971  000027  000998      12E2       0  CODE        2
                idataBANK3                     000998  000030  0009C8      1330       0  CODE        2
                idataBANK2                     0009C8  000040  000A08      1390       0  CODE        2
                text3                          000A08  0000BA  000AC2      1410       0  CODE        2
                text9                          000AC2  0001DD  000C9F      1584       0  CODE        2
                text6                          000C9F  000361  001000      193E       0  CODE        2
                config                         002007  000001  002008      400E       0  CONFIG      2


UNUSED ADDRESS RANGES

        Name                Unused          Largest block    Delta
        BANK2            0158-016F             18           1
        BANK3            01EC-01EF              4           1
        CODE             0815-091D            109           2
                         1000-1FFF            800
        CONST            0815-091D             EB           2
                         1000-1FFF            100
        EEDATA           2100-21FF            100           2
        ENTRY            0815-091D             EB           2
                         1000-1FFF            100
        IDLOC            2000-2003              4           2
        RAM              0158-016F             18           1
                         01EC-01EF              4
        SFR0             0000-001F             20           1
        SFR1             0080-009F             20           1
        SFR2             0100-010F             10           1
        SFR3             0180-018F             10           1
        STACK            0158-016F             18           1
        STRCODE          0815-091D            109           2
                         1000-1FFF           1000
        STRING           0815-091D             EB           2
                         1000-1FFF            100

                                  Symbol Table

?__Umul8_16              cstackCOMMON 0070
?___fladd                cstackCOMMON 0070
?___fldiv                cstackBANK0  0020
?___flmul                cstackBANK0  003A
?___flsub                cstackBANK0  0054
?___xxtofl               cstackCOMMON 0070
?_strlen                 cstackCOMMON 0070
_PORTB                   (abs)        0006
_PORTD                   (abs)        0008
_TRISB                   (abs)        0086
_TRISD                   (abs)        0088
__CFG_BOREN$OFF          (abs)        0000
__CFG_CP$OFF             (abs)        0000
__CFG_CPD$OFF            (abs)        0000
__CFG_FOSC$XT            (abs)        0000
__CFG_LVP$OFF            (abs)        0000
__CFG_PWRTE$ON           (abs)        0000
__CFG_WDTE$OFF           (abs)        0000
__CFG_WRT$OFF            (abs)        0000
__Habs1                  abs1         0000
__Hbank0                 bank0        0000
__Hbank1                 bank1        0000
__Hbank2                 bank2        0000
__Hbank3                 bank3        0000
__HbssBANK2              bssBANK2     0000
__Hcinit                 cinit        0800
__Hclrtext               clrtext      0000
__Hcode                  code         0000
__Hcommon                common       0000
__Hconfig                config       2008
__HcstackBANK0           cstackBANK0  0000
__HcstackBANK1           cstackBANK1  0000
__HcstackBANK3           cstackBANK3  0000
__HcstackCOMMON          cstackCOMMON 0000
__HdataBANK2             dataBANK2    0000
__HdataBANK3             dataBANK3    0000
__Heeprom_data           eeprom_data  0000
__Hend_init              end_init     0003
__Hfunctab               functab      0000
__HidataBANK2            idataBANK2   0000
__HidataBANK3            idataBANK3   0000
__Hidloc                 idloc        0000
__Hinit                  init         0000
__Hinittext              inittext     0000
__Hintentry              intentry     0000
__Hmaintext              maintext     0000
__Hpowerup               powerup      0000
__Hram                   ram          0000
__Hreset_vec             reset_vec    0000
__Hsfr0                  sfr0         0000
__Hsfr1                  sfr1         0000
__Hsfr2                  sfr2         0000
__Hsfr3                  sfr3         0000
__Hspace_0               (abs)        2008
__Hspace_1               (abs)        01EC
__Hspace_2               (abs)        0000
__Hspace_3               (abs)        0000
__Hstack                 stack        0000
__Hstrings               strings      0000
__Htext                  text         0000
__Labs1                  abs1         0000
__Lbank0                 bank0        0000
__Lbank1                 bank1        0000
__Lbank2                 bank2        0000
__Lbank3                 bank3        0000
__LbssBANK2              bssBANK2     0000
__Lcinit                 cinit        07D7
__Lclrtext               clrtext      0000
__Lcode                  code         0000
__Lcommon                common       0000
__Lconfig                config       2007
__LcstackBANK0           cstackBANK0  0000
__LcstackBANK1           cstackBANK1  0000
__LcstackBANK3           cstackBANK3  0000
__LcstackCOMMON          cstackCOMMON 0000
__LdataBANK2             dataBANK2    0000
__LdataBANK3             dataBANK3    0000
__Leeprom_data           eeprom_data  0000
__Lend_init              end_init     0000
__Lfunctab               functab      0000
__LidataBANK2            idataBANK2   0000
__LidataBANK3            idataBANK3   0000
__Lidloc                 idloc        0000
__Linit                  init         0000
__Linittext              inittext     0000
__Lintentry              intentry     0000
__Lmaintext              maintext     0000
__Lpowerup               powerup      0000
__Lram                   ram          0000
__Lreset_vec             reset_vec    0000
__Lsfr0                  sfr0         0000
__Lsfr1                  sfr1         0000
__Lsfr2                  sfr2         0000
__Lsfr3                  sfr3         0000
__Lspace_0               (abs)        0000
__Lspace_1               (abs)        0000
__Lspace_2               (abs)        0000
__Lspace_3               (abs)        0000
__Lstack                 stack        0000
__Lstrings               strings      0000
__Ltext                  text         0000
__S0                     (abs)        2008
__S1                     (abs)        01EC
__S2                     (abs)        0000
__S3                     (abs)        0000
__Umul8_16               text7        0971
__Umul8_16@multiplicand  cstackCOMMON 0070
__Umul8_16@multiplier    cstackCOMMON 0078
__Umul8_16@product       cstackCOMMON 0074
__Umul8_16@word_mpld     cstackCOMMON 0076
___fladd                 text5        00BA
___fladd@a               cstackCOMMON 0074
___fladd@aexp            cstackCOMMON 0079
___fladd@b               cstackCOMMON 0070
___fladd@bexp            cstackCOMMON 007A
___fladd@grs             cstackCOMMON 007B
___fladd@signs           cstackCOMMON 0078
___fldiv                 text9        0AC2
___fldiv@a               cstackBANK0  0020
___fldiv@aexp            cstackBANK0  0039
___fldiv@b               cstackBANK0  0024
___fldiv@bexp            cstackBANK0  0038
___fldiv@grs             cstackBANK0  0034
___fldiv@new_exp         cstackBANK0  0032
___fldiv@rem             cstackBANK0  002D
___fldiv@sign            cstackBANK0  0031
___flge                  text8        0016
___flge@ff1              cstackBANK0  0020
___flge@ff2              cstackBANK0  0024
___flmul                 text6        0C9F
___flmul@a               cstackBANK0  003E
___flmul@aexp            cstackBANK0  004C
___flmul@b               cstackBANK0  003A
___flmul@bexp            cstackBANK0  004D
___flmul@grs             cstackBANK0  0048
___flmul@prod            cstackBANK0  004E
___flmul@sign            cstackBANK0  0047
___flmul@temp            cstackBANK0  0052
___flsub                 text4        094D
___flsub@a               cstackBANK0  0054
___flsub@b               cstackBANK0  0058
___int_sp                stack        0000
___latbits               (abs)        0002
___sp                    stack        0000
___stackhi               (abs)        0000
___stacklo               (abs)        0000
___xxtofl                text3        0A08
___xxtofl@arg            cstackCOMMON 007A
___xxtofl@exp            cstackCOMMON 0079
___xxtofl@sign           cstackCOMMON 0078
___xxtofl@val            cstackCOMMON 0070
__end_of__Umul8_16       text7        0998
__end_of___fladd         text5        0352
__end_of___fldiv         text9        0C9F
__end_of___flge          text8        00BA
__end_of___flmul         text6        1000
__end_of___flsub         text4        0971
__end_of___xxtofl        text3        0AC2
__end_of__initialization cinit        07FC
__end_of__stringtab      strings      0806
__end_of_main            maintext     0930
__end_of_strlen          text2        094D
__end_of_write_led       text1        07D7
__initialization         cinit        07D7
__pbssBANK2              bssBANK2     0150
__pcstackBANK0           cstackBANK0  0020
__pcstackBANK1           cstackBANK1  00A0
__pcstackBANK3           cstackBANK3  01C0
__pcstackCOMMON          cstackCOMMON 0070
__pdataBANK2             dataBANK2    0110
__pdataBANK3             dataBANK3    0190
__pidataBANK2            idataBANK2   09C8
__pidataBANK3            idataBANK3   0998
__pmaintext              maintext     091E
__pstrings               strings      0800
__ptext1                 text1        0352
__ptext2                 text2        0930
__ptext3                 text3        0A08
__ptext4                 text4        094D
__ptext5                 text5        00BA
__ptext6                 text6        0C9F
__ptext7                 text7        0971
__ptext8                 text8        0016
__ptext9                 text9        0AC2
__size_of__Umul8_16      (abs)        0000
__size_of___fladd        (abs)        0000
__size_of___fldiv        (abs)        0000
__size_of___flge         (abs)        0000
__size_of___flmul        (abs)        0000
__size_of___flsub        (abs)        0000
__size_of___xxtofl       (abs)        0000
__size_of_main           (abs)        0000
__size_of_strlen         (abs)        0000
__size_of_write_led      (abs)        0000
__stringbase             strings      0805
__stringtab              strings      0800
_main                    maintext     091E
_strlen                  text2        0930
_write_led               text1        0352
btemp                    (abs)        007E
end_of_initialization    cinit        07FC
init_fetch0              inittext     0003
init_ram0                inittext     0007
intlevel0                functab      0000
intlevel1                functab      0000
intlevel2                functab      0000
intlevel3                functab      0000
intlevel4                functab      0000
intlevel5                functab      0000
reset_vec                reset_vec    0000
start                    init         0000
start_initialization     cinit        07D7
strlen@cp                cstackCOMMON 0074
strlen@s                 cstackCOMMON 0073
write_led@AR             cstackBANK1  00B0
write_led@DR             cstackBANK1  00E0
write_led@ER             cstackBANK1  00D8
write_led@F970           dataBANK3    01B8
write_led@F972           dataBANK3    01B0
write_led@F974           dataBANK3    01A8
write_led@F976           dataBANK3    01A0
write_led@F978           dataBANK3    0198
write_led@F980           dataBANK3    0190
write_led@F982           dataBANK2    0148
write_led@F984           dataBANK2    0140
write_led@F986           dataBANK2    0138
write_led@F988           dataBANK2    0130
write_led@F990           dataBANK2    0128
write_led@F992           dataBANK2    0120
write_led@F994           dataBANK2    0118
write_led@F996           dataBANK2    0110
write_led@FR             cstackBANK0  006D
write_led@HR             cstackBANK1  00C8
write_led@IR             cstackBANK1  00A8
write_led@KR             cstackBANK1  00D0
write_led@MR             cstackBANK1  00B8
write_led@OR             cstackBANK1  00C0
write_led@RR             cstackBANK1  00E8
write_led@SR             cstackBANK3  01E6
write_led@SRr            cstackBANK3  01C0
write_led@UR             cstackBANK1  00A0
write_led@_H             cstackBANK3  01C8
write_led@_H2            cstackBANK0  0065
write_led@_SM            cstackBANK3  01D0
write_led@cc             cstackBANK3  01E4
write_led@i              cstackBANK3  01E9
write_led@j              cstackBANK3  01E8
write_led@sp             cstackBANK3  01E0
write_led@spc            cstackBANK3  01D8
write_led@t              cstackBANK3  01E5
write_led@ti             cstackBANK0  006F
write_led@w              cstackBANK3  01EA
write_led@wrds           cstackBANK0  005C
wtemp0                   (abs)        007E


FUNCTION INFORMATION:

 *************** function _main *****************
 Defined at:
		line 17 in file "mainLMv4.c"
 Parameters:    Size  Location     Type
		None
 Auto vars:     Size  Location     Type
		None
 Return value:  Size  Location     Type
                  1    wreg      void 
 Registers used:
		wreg, fsr0l, fsr0h, status,2, status,0, btemp+1, pclath, cstack
 Tracked objects:
		On entry : 
		On exit  : 
		Unchanged: 
 Data sizes:     COMMON   BANK0   BANK1   BANK3   BANK2
      Params:         0       0       0       0       0
      Locals:         0       0       0       0       0
      Temps:          0       0       0       1       0
      Totals:         0       0       0       1       0
Total ram usage:        1 bytes
 Hardware stack levels required when called:    3
 This function calls:
		_write_led
 This function is called by:
		Startup code after reset
 This function uses a non-reentrant model


 *************** function _write_led *****************
 Defined at:
		line 24 in file "mainLMv4.c"
 Parameters:    Size  Location     Type
  ti              1    wreg     unsigned char 
  wrds            1   60[BANK0 ] PTR unsigned char 
		 -> STR_1(15), 
 Auto vars:     Size  Location     Type
  ti              1   79[BANK0 ] unsigned char 
  i               1   41[BANK3 ] unsigned char 
  j               1   40[BANK3 ] unsigned char 
  w               1   42[BANK3 ] unsigned char 
  spc             8   24[BANK3 ] unsigned char [8]
  _SM             8   16[BANK3 ] unsigned char [8]
  _H              8    8[BANK3 ] unsigned char [8]
  SRr             8    0[BANK3 ] unsigned char [8]
  RR              8   72[BANK1 ] unsigned char [8]
  DR              8   64[BANK1 ] unsigned char [8]
  ER              8   56[BANK1 ] unsigned char [8]
  KR              8   48[BANK1 ] unsigned char [8]
  HR              8   40[BANK1 ] unsigned char [8]
  OR              8   32[BANK1 ] unsigned char [8]
  MR              8   24[BANK1 ] unsigned char [8]
  AR              8   16[BANK1 ] unsigned char [8]
  IR              8    8[BANK1 ] unsigned char [8]
  UR              8    0[BANK1 ] unsigned char [8]
  _H2             8   69[BANK0 ] unsigned char [8]
  sp              4   32[BANK3 ] float 
  SR              2   38[BANK3 ] PTR unsigned char 
		 -> write_led@spc(8), write_led@_SM(8), write_led@_H(8), write_led@SRr(8), 
		 -> write_led@RR(8), write_led@DR(8), write_led@ER(8), write_led@KR(8), 
		 -> write_led@HR(8), write_led@OR(8), write_led@MR(8), write_led@AR(8), 
		 -> write_led@IR(8), write_led@UR(8), 
  FR              2   77[BANK0 ] PTR unsigned char 
		 -> write_led@spc(8), write_led@_SM(8), write_led@_H(8), write_led@SRr(8), 
		 -> write_led@RR(8), write_led@DR(8), write_led@ER(8), write_led@KR(8), 
		 -> write_led@HR(8), write_led@OR(8), write_led@MR(8), write_led@AR(8), 
		 -> write_led@IR(8), write_led@UR(8), 
  t               1   37[BANK3 ] unsigned char 
  cc              1   36[BANK3 ] unsigned char 
 Return value:  Size  Location     Type
                  1    wreg      void 
 Registers used:
		wreg, fsr0l, fsr0h, status,2, status,0, btemp+1, pclath, cstack
 Tracked objects:
		On entry : 
		On exit  : 
		Unchanged: 
 Data sizes:     COMMON   BANK0   BANK1   BANK3   BANK2
      Params:         0       1       0       0       0
      Locals:         0      11      80      43       0
      Temps:          0       8       0       0       0
      Totals:         0      20      80      43       0
Total ram usage:      143 bytes
 Hardware stack levels used:    1
 Hardware stack levels required when called:    2
 This function calls:
		___fldiv
		___flge
		___flmul
		___flsub
		___xxtofl
		_strlen
 This function is called by:
		_main
 This function uses a non-reentrant model


 *************** function _strlen *****************
 Defined at:
		line 4 in file "C:\Program Files (x86)\Microchip\xc8\v2.10\pic\sources\c90\common\strlen.c"
 Parameters:    Size  Location     Type
  s               1    wreg     PTR const unsigned char 
		 -> STR_1(15), 
 Auto vars:     Size  Location     Type
  s               1    3[COMMON] PTR const unsigned char 
		 -> STR_1(15), 
  cp              1    4[COMMON] PTR const unsigned char 
		 -> STR_1(15), 
 Return value:  Size  Location     Type
                  2    0[COMMON] unsigned int 
 Registers used:
		wreg, fsr0l, fsr0h, status,2, status,0, pclath
 Tracked objects:
		On entry : 
		On exit  : 
		Unchanged: 
 Data sizes:     COMMON   BANK0   BANK1   BANK3   BANK2
      Params:         2       0       0       0       0
      Locals:         2       0       0       0       0
      Temps:          1       0       0       0       0
      Totals:         5       0       0       0       0
Total ram usage:        5 bytes
 Hardware stack levels used:    2
 This function calls:
		Nothing
 This function is called by:
		_write_led
 This function uses a non-reentrant model


 *************** function ___xxtofl *****************
 Defined at:
		line 10 in file "C:\Program Files (x86)\Microchip\xc8\v2.10\pic\sources\c90\common\xxtofl.c"
 Parameters:    Size  Location     Type
  sign            1    wreg     unsigned char 
  val             4    0[COMMON] long 
 Auto vars:     Size  Location     Type
  sign            1    8[COMMON] unsigned char 
  arg             4   10[COMMON] unsigned long 
  exp             1    9[COMMON] unsigned char 
 Return value:  Size  Location     Type
                  4    0[COMMON] unsigned char 
 Registers used:
		wreg, status,2, status,0
 Tracked objects:
		On entry : 
		On exit  : 
		Unchanged: 
 Data sizes:     COMMON   BANK0   BANK1   BANK3   BANK2
      Params:         4       0       0       0       0
      Locals:         6       0       0       0       0
      Temps:          4       0       0       0       0
      Totals:        14       0       0       0       0
Total ram usage:       14 bytes
 Hardware stack levels used:    1
 This function calls:
		Nothing
 This function is called by:
		_write_led
 This function uses a non-reentrant model


 *************** function ___flsub *****************
 Defined at:
		line 242 in file "C:\Program Files (x86)\Microchip\xc8\v2.10\pic\sources\c90\common\sprcadd.c"
 Parameters:    Size  Location     Type
  a               4   52[BANK0 ] unsigned char 
  b               4   56[BANK0 ] unsigned char 
 Auto vars:     Size  Location     Type
		None
 Return value:  Size  Location     Type
                  4   52[BANK0 ] unsigned char 
 Registers used:
		wreg, status,2, status,0, btemp+1, pclath, cstack
 Tracked objects:
		On entry : 
		On exit  : 
		Unchanged: 
 Data sizes:     COMMON   BANK0   BANK1   BANK3   BANK2
      Params:         0       8       0       0       0
      Locals:         0       0       0       0       0
      Temps:          0       0       0       0       0
      Totals:         0       8       0       0       0
Total ram usage:        8 bytes
 Hardware stack levels used:    1
 Hardware stack levels required when called:    1
 This function calls:
		___fladd
 This function is called by:
		_write_led
 This function uses a non-reentrant model


 *************** function ___fladd *****************
 Defined at:
		line 10 in file "C:\Program Files (x86)\Microchip\xc8\v2.10\pic\sources\c90\common\sprcadd.c"
 Parameters:    Size  Location     Type
  b               4    0[COMMON] unsigned char 
  a               4    4[COMMON] unsigned char 
 Auto vars:     Size  Location     Type
  grs             1   11[COMMON] unsigned char 
  bexp            1   10[COMMON] unsigned char 
  aexp            1    9[COMMON] unsigned char 
  signs           1    8[COMMON] unsigned char 
 Return value:  Size  Location     Type
                  4    0[COMMON] unsigned char 
 Registers used:
		wreg, status,2, status,0, btemp+1
 Tracked objects:
		On entry : 
		On exit  : 
		Unchanged: 
 Data sizes:     COMMON   BANK0   BANK1   BANK3   BANK2
      Params:         8       0       0       0       0
      Locals:         4       0       0       0       0
      Temps:          0       8       0       0       0
      Totals:        12       8       0       0       0
Total ram usage:       20 bytes
 Hardware stack levels used:    1
 This function calls:
		Nothing
 This function is called by:
		___flsub
 This function uses a non-reentrant model


 *************** function ___flmul *****************
 Defined at:
		line 8 in file "C:\Program Files (x86)\Microchip\xc8\v2.10\pic\sources\c90\common\sprcmul.c"
 Parameters:    Size  Location     Type
  b               4   26[BANK0 ] unsigned char 
  a               4   30[BANK0 ] unsigned char 
 Auto vars:     Size  Location     Type
  prod            4   46[BANK0 ] struct .
  grs             4   40[BANK0 ] unsigned long 
  temp            2   50[BANK0 ] struct .
  bexp            1   45[BANK0 ] unsigned char 
  aexp            1   44[BANK0 ] unsigned char 
  sign            1   39[BANK0 ] unsigned char 
 Return value:  Size  Location     Type
                  4   26[BANK0 ] unsigned char 
 Registers used:
		wreg, status,2, status,0, btemp+1, pclath, cstack
 Tracked objects:
		On entry : 
		On exit  : 
		Unchanged: 
 Data sizes:     COMMON   BANK0   BANK1   BANK3   BANK2
      Params:         0       8       0       0       0
      Locals:         0      13       0       0       0
      Temps:          0       5       0       0       0
      Totals:         0      26       0       0       0
Total ram usage:       26 bytes
 Hardware stack levels used:    1
 Hardware stack levels required when called:    1
 This function calls:
		__Umul8_16
 This function is called by:
		_write_led
 This function uses a non-reentrant model


 *************** function __Umul8_16 *****************
 Defined at:
		line 4 in file "C:\Program Files (x86)\Microchip\xc8\v2.10\pic\sources\c90\common\Umul8_16.c"
 Parameters:    Size  Location     Type
  multiplier      1    wreg     unsigned char 
  multiplicand    1    0[COMMON] unsigned char 
 Auto vars:     Size  Location     Type
  multiplier      1    8[COMMON] unsigned char 
  word_mpld       2    6[COMMON] unsigned int 
  product         2    4[COMMON] unsigned int 
 Return value:  Size  Location     Type
                  2    0[COMMON] unsigned int 
 Registers used:
		wreg, status,2, status,0
 Tracked objects:
		On entry : 
		On exit  : 
		Unchanged: 
 Data sizes:     COMMON   BANK0   BANK1   BANK3   BANK2
      Params:         2       0       0       0       0
      Locals:         5       0       0       0       0
      Temps:          2       0       0       0       0
      Totals:         9       0       0       0       0
Total ram usage:        9 bytes
 Hardware stack levels used:    1
 This function calls:
		Nothing
 This function is called by:
		___flmul
 This function uses a non-reentrant model


 *************** function ___flge *****************
 Defined at:
		line 4 in file "C:\Program Files (x86)\Microchip\xc8\v2.10\pic\sources\c90\common\flge.c"
 Parameters:    Size  Location     Type
  ff1             4    0[BANK0 ] unsigned int 
  ff2             4    4[BANK0 ] unsigned int 
 Auto vars:     Size  Location     Type
		None
 Return value:  Size  Location     Type
		None               void
 Registers used:
		wreg, status,2, status,0
 Tracked objects:
		On entry : 
		On exit  : 
		Unchanged: 
 Data sizes:     COMMON   BANK0   BANK1   BANK3   BANK2
      Params:         0       8       0       0       0
      Locals:         0       0       0       0       0
      Temps:          0       4       0       0       0
      Totals:         0      12       0       0       0
Total ram usage:       12 bytes
 Hardware stack levels used:    1
 This function calls:
		Nothing
 This function is called by:
		_write_led
 This function uses a non-reentrant model


 *************** function ___fldiv *****************
 Defined at:
		line 8 in file "C:\Program Files (x86)\Microchip\xc8\v2.10\pic\sources\c90\common\sprcdiv.c"
 Parameters:    Size  Location     Type
  a               4    0[BANK0 ] unsigned int 
  b               4    4[BANK0 ] unsigned int 
 Auto vars:     Size  Location     Type
  grs             4   20[BANK0 ] unsigned long 
  rem             4   13[BANK0 ] unsigned long 
  new_exp         2   18[BANK0 ] int 
  aexp            1   25[BANK0 ] unsigned char 
  bexp            1   24[BANK0 ] unsigned char 
  sign            1   17[BANK0 ] unsigned char 
 Return value:  Size  Location     Type
                  4    0[BANK0 ] unsigned char 
 Registers used:
		wreg, status,2, status,0, btemp+1
 Tracked objects:
		On entry : 
		On exit  : 
		Unchanged: 
 Data sizes:     COMMON   BANK0   BANK1   BANK3   BANK2
      Params:         0       8       0       0       0
      Locals:         0      13       0       0       0
      Temps:          0       5       0       0       0
      Totals:         0      26       0       0       0
Total ram usage:       26 bytes
 Hardware stack levels used:    1
 This function calls:
		Nothing
 This function is called by:
		_write_led
 This function uses a non-reentrant model



MODULE INFORMATION

Module		Function		Class		Link	Load	Size
mainLMv4.c
		_main          		CODE           	091E	0000	19
		_write_led     		CODE           	0352	0000	1158

mainLMv4.c estimated size: 1177

C:\Program Files (x86)\Microchip\xc8\v2.10\pic\sources\c90\common\sprcmul.c
		___flmul       		CODE           	0C9F	0000	866

C:\Program Files (x86)\Microchip\xc8\v2.10\pic\sources\c90\common\sprcmul.c estimated size: 866

C:\Program Files (x86)\Microchip\xc8\v2.10\pic\sources\c90\common\Umul8_16.c
		__Umul8_16     		CODE           	0971	0000	40

C:\Program Files (x86)\Microchip\xc8\v2.10\pic\sources\c90\common\Umul8_16.c estimated size: 40

C:\Program Files (x86)\Microchip\xc8\v2.10\pic\sources\c90\common\sprcdiv.c
		___fldiv       		CODE           	0AC2	0000	478

C:\Program Files (x86)\Microchip\xc8\v2.10\pic\sources\c90\common\sprcdiv.c estimated size: 478

C:\Program Files (x86)\Microchip\xc8\v2.10\pic\sources\c90\common\flge.c
		___flge        		CODE           	0016	0000	165

C:\Program Files (x86)\Microchip\xc8\v2.10\pic\sources\c90\common\flge.c estimated size: 165

C:\Program Files (x86)\Microchip\xc8\v2.10\pic\sources\c90\common\xxtofl.c
		___xxtofl      		CODE           	0A08	0000	187

C:\Program Files (x86)\Microchip\xc8\v2.10\pic\sources\c90\common\xxtofl.c estimated size: 187

shared
		__stringtab    		STRING         	0800	0000	7
		__initialization		CODE           	07D7	0000	38

shared estimated size: 45

C:\Program Files (x86)\Microchip\xc8\v2.10\pic\sources\c90\common\strlen.c
		_strlen        		CODE           	0930	0000	30

C:\Program Files (x86)\Microchip\xc8\v2.10\pic\sources\c90\common\strlen.c estimated size: 30

C:\Program Files (x86)\Microchip\xc8\v2.10\pic\sources\c90\common\sprcadd.c
		___flsub       		CODE           	094D	0000	37
		___fladd       		CODE           	00BA	0000	665

C:\Program Files (x86)\Microchip\xc8\v2.10\pic\sources\c90\common\sprcadd.c estimated size: 702

